// Jest Snapshot v1, https://jestjs.io/docs/snapshot-testing

exports[`example-typescript should render correct snapshot 1`] = `
<example-typescript>
  #shadow-root(open)
    <p>
      example-typescript
    </p>
    <p>
      Validating if the transformation to TypeScript has worked.
    </p>
    <div>
      Validating if unitialized  is tracked.
    </div>
</example-typescript>
`;
