// Jest Snapshot v1, https://goo.gl/fbAQLP

exports[`renders a basic component with light DOM slot with nothing slotted 1`] = `
__lwc_scope_token__<__lwc_scope_token__s__lwc_scope_token__s__lwc_scope_token__r__lwc_scope_token__-__lwc_scope_token__l__lwc_scope_token__i__lwc_scope_token__g__lwc_scope_token__h__lwc_scope_token__t__lwc_scope_token__-__lwc_scope_token__d__lwc_scope_token__o__lwc_scope_token__m__lwc_scope_token__-__lwc_scope_token__s__lwc_scope_token__l__lwc_scope_token__o__lwc_scope_token__t__lwc_scope_token__-__lwc_scope_token__e__lwc_scope_token__m__lwc_scope_token__p__lwc_scope_token__t__lwc_scope_token__y__lwc_scope_token__>__lwc_scope_token__
__lwc_scope_token__ __lwc_scope_token__ __lwc_scope_token__<__lwc_scope_token__s__lwc_scope_token__s__lwc_scope_token__r__lwc_scope_token__-__lwc_scope_token__l__lwc_scope_token__i__lwc_scope_token__g__lwc_scope_token__h__lwc_scope_token__t__lwc_scope_token__-__lwc_scope_token__d__lwc_scope_token__o__lwc_scope_token__m__lwc_scope_token__-__lwc_scope_token__s__lwc_scope_token__l__lwc_scope_token__o__lwc_scope_token__t__lwc_scope_token__t__lwc_scope_token__a__lwc_scope_token__b__lwc_scope_token__l__lwc_scope_token__e__lwc_scope_token__>__lwc_scope_token__
__lwc_scope_token__ __lwc_scope_token__ __lwc_scope_token__ __lwc_scope_token__ __lwc_scope_token__<__lwc_scope_token__!__lwc_scope_token__-__lwc_scope_token__-__lwc_scope_token__-__lwc_scope_token__-__lwc_scope_token__>__lwc_scope_token__
__lwc_scope_token__ __lwc_scope_token__ __lwc_scope_token__ __lwc_scope_token__ __lwc_scope_token__<__lwc_scope_token__!__lwc_scope_token__-__lwc_scope_token__-__lwc_scope_token__-__lwc_scope_token__-__lwc_scope_token__>__lwc_scope_token__
__lwc_scope_token__ __lwc_scope_token__ __lwc_scope_token__<__lwc_scope_token__/__lwc_scope_token__s__lwc_scope_token__s__lwc_scope_token__r__lwc_scope_token__-__lwc_scope_token__l__lwc_scope_token__i__lwc_scope_token__g__lwc_scope_token__h__lwc_scope_token__t__lwc_scope_token__-__lwc_scope_token__d__lwc_scope_token__o__lwc_scope_token__m__lwc_scope_token__-__lwc_scope_token__s__lwc_scope_token__l__lwc_scope_token__o__lwc_scope_token__t__lwc_scope_token__t__lwc_scope_token__a__lwc_scope_token__b__lwc_scope_token__l__lwc_scope_token__e__lwc_scope_token__>__lwc_scope_token__
__lwc_scope_token__<__lwc_scope_token__/__lwc_scope_token__s__lwc_scope_token__s__lwc_scope_token__r__lwc_scope_token__-__lwc_scope_token__l__lwc_scope_token__i__lwc_scope_token__g__lwc_scope_token__h__lwc_scope_token__t__lwc_scope_token__-__lwc_scope_token__d__lwc_scope_token__o__lwc_scope_token__m__lwc_scope_token__-__lwc_scope_token__s__lwc_scope_token__l__lwc_scope_token__o__lwc_scope_token__t__lwc_scope_token__-__lwc_scope_token__e__lwc_scope_token__m__lwc_scope_token__p__lwc_scope_token__t__lwc_scope_token__y__lwc_scope_token__>__lwc_scope_token__
`;
