// Jest Snapshot v1, https://jestjs.io/docs/snapshot-testing

exports[`serialized element attributes should not serialize id/idref attributes 1`] = `
<div>
   
  <label
    for="foo"
  >
    foo label
  </label>
   
  <input
    id="foo"
  />
   
  <button
    aria-labelledby="color"
  >
    Red
  </button>
   
  <span
    id="color"
  >
    Yellow
  </span>
   
</div>
`;

exports[`serialized element attributes should remove the lwc:host attribute 1`] = `
<div>
   
  <div>
    12345
  </div>
   
  <div>
    abcde
  </div>
   
</div>
`;
