// Jest Snapshot v1, https://goo.gl/fbAQLP

exports[`<x-hello> should render on the server: 02464f154afb6bc94178dc06f5e21497eb86234d19e3a985f8cf38af6fa4ff90 1`] = `"<x-hello><template shadowrootmode="open"><style type="text/css">div {margin: 10px;}button {margin-top: 10px;padding: 5px 10px;}</style><div><h1>Greeting Form</h1><label for="name">Your Name:</label><input id="name" type="text"><button>Submit</button></div></template></x-hello>"`;
