// Jest Snapshot v1, https://goo.gl/fbAQLP

exports[`serializes component with different whitespace 1`] = `
<serializer-component>
  #shadow-root(open)
    <!-- static style, static opti
        mized -->
    <div
      style="color: blue;"
    />
    <div
      style="color:blue; text-align:center;"
    />
    <div
      style="color:blue; text-align:center;"
    />
    <div
      style="color:blue; text-align:center;"
    />
    <div
      style="color:blue; text-align:center;"
    />
    <div
      style="color: blue; text-align: center;"
    />
    <div
      style="color: blue; text-align: center;"
    />
    <div
      style="color: blue; text-align: center;"
    />
    <div
      style="color : blue; text-align : center;"
    />
    <div
      style="background-color: red !important;"
    />
    <div
      style="background-color: red !important;"
    />
    <div
      style="background-color: red !important;"
    />
    <div
      style="background-color : red !important;"
    />
    <div
      style="background-color : red ! important;"
    />
    <div
      style="color: line-break;"
    />
    <div
      style="color: tab;"
    />
    <div
      style="color : tab; text-align: line-break;"
    />
    <div />
    <div />
    <div />
    <div />
    <!-- static style, not static optimized -->
    <div
      style="color: blue;"
    />
    <div
      style="color: blue; text-align: center;"
    />
    <div
      style="color: blue; text-align: center;"
    />
    <div
      style="color: blue; text-align: center;"
    />
    <div
      style="color: blue; text-align: center;"
    />
    <div
      style="color: blue; text-align: center;"
    />
    <div
      style="color: blue; text-align: center;"
    />
    <div
      style="color: blue; text-align: center;"
    />
    <div
      style="color: blue; text-align: center;"
    />
    <div
      style="background-color: red;"
    />
    <div
      style="background-color: red;"
    />
    <div
      style="background-color: red;"
    />
    <div
      style="background-color: red;"
    />
    <div />
    <div />
    <div />
    <div
      style="text-align: line-break;"
    />
    <div />
    <div />
    <div />
    <div />
    <!-- dynamic style, static optimized -->
    <div />
    <div />
    <div />
    <div />
    <div />
    <div
      style="color:blue; text-align:center;"
    />
    <div
      style="color:blue; text-align:center;"
    />
    <div
      style="color:blue; text-align:center;"
    />
    <div
      style="color:blue; text-align:center;"
    />
    <div
      style="color: blue; text-align: center;"
    />
    <div
      style="color: blue; text-align: center;"
    />
    <div
      style="color: blue; text-align: center;"
    />
    <div
      style="color : blue; text-align : center;"
    />
    <div
      style="background-color: red !important;"
    />
    <div
      style="background-color: red !important;"
    />
    <div
      style="background-color: red !important;"
    />
    <div
      style="background-color : red !important;"
    />
    <div
      style="background-color : red ! important;"
    />
    <div
      style="color: line-break;"
    />
    <div
      style="color: tab;"
    />
    <div
      style="color : tab; text-align: line-break;"
    />
    <div />
    <div />
    <div
      style="color: blue;"
    />
    <!-- dynamic style, not static optimized -->
    <div />
    <div />
    <div />
    <div />
    <div />
    <div
      style="color:blue; text-align:center;"
    />
    <div
      style="color:blue; text-align:center;"
    />
    <div
      style="color:blue; text-align:center;"
    />
    <div
      style="color:blue; text-align:center;"
    />
    <div
      style="color: blue; text-align: center;"
    />
    <div
      style="color: blue; text-align: center;"
    />
    <div
      style="color: blue; text-align: center;"
    />
    <div
      style="color : blue; text-align : center;"
    />
    <div
      style="background-color: red !important;"
    />
    <div
      style="background-color: red !important;"
    />
    <div
      style="background-color: red !important;"
    />
    <div
      style="background-color : red !important;"
    />
    <div
      style="background-color : red ! important;"
    />
    <div
      style="color: line-break;"
    />
    <div
      style="color: tab;"
    />
    <div
      style="color : tab; text-align: line-break;"
    />
    <div />
    <div />
    <div
      style="color: blue;"
    />
</serializer-component>
`;
