// Jest Snapshot v1, https://goo.gl/fbAQLP

exports[`<x-light-dom-click-me> should render on the server: 3c78476fed657af844d25188b62326640a6e11eb7716791dc09bbdc5871e8745 1`] = `"<x-light-dom-click-me><style type="text/css">.light-dom-content {border: 1px solid #ddd;padding: 20px;background-color: #f9f9f9;text-align: center;}button {margin-top: 10px;padding: 10px 20px;background-color: #0070d2;color: white;border: none;cursor: pointer;font-size: 16px;border-radius: 5px;}button:hover {background-color: #005bb5;}</style><div class="light-dom-content"><h1>Hello from Light DOM!</h1><p>Click the button to change this message!</p><button>Click Me!</button></div></x-light-dom-click-me>"`;
