// Jest Snapshot v1, https://jestjs.io/docs/snapshot-testing

exports[`should render dynamically imported component 1`] = `
<smoke-dynamic-import>
  #shadow-root(open)
    <smoke-test>
      #shadow-root(open)
        <span>
          Child
        </span>
    </smoke-test>
</smoke-dynamic-import>
`;
